// Jest Snapshot v1, https://goo.gl/fbAQLP

exports[`custom plan page test should match snapshot 1`] = `
<div
  className="css-h695g5"
>
  <div
    style={
      Object {
        "height": "100%",
      }
    }
  />
</div>
`;
