// Jest Snapshot v1, https://goo.gl/fbAQLP

exports[`planReview page test should match snapshot 1`] = `
Array [
  "s",
  <div
    className="css-1878w0a"
  >
    <div
      className="chakra-stack css-vy21t6"
    >
      <div
        className="css-1ezf8j2"
      >
        <div
          className="chakra-stack css-iroupl"
        >
          <h2
            className="chakra-heading css-1g360fb"
          >
            How do you feel about your travel plan????
          </h2>
          <div
            className="chakra-stack css-15sc1x5"
            data-testid="rate"
          >
            <svg
              className="chakra-icon css-gtaqdh"
              focusable={false}
              onClick={[Function]}
              viewBox="0 0 24 24"
            >
              <path
                d="M23.555,8.729a1.505,1.505,0,0,0-1.406-.98H16.062a.5.5,0,0,1-.472-.334L13.405,1.222a1.5,1.5,0,0,0-2.81,0l-.005.016L8.41,7.415a.5.5,0,0,1-.471.334H1.85A1.5,1.5,0,0,0,.887,10.4l5.184,4.3a.5.5,0,0,1,.155.543L4.048,21.774a1.5,1.5,0,0,0,2.31,1.684l5.346-3.92a.5.5,0,0,1,.591,0l5.344,3.919a1.5,1.5,0,0,0,2.312-1.683l-2.178-6.535a.5.5,0,0,1,.155-.543l5.194-4.306A1.5,1.5,0,0,0,23.555,8.729Z"
                fill="currentColor"
              />
            </svg>
            <svg
              className="chakra-icon css-gtaqdh"
              focusable={false}
              onClick={[Function]}
              viewBox="0 0 24 24"
            >
              <path
                d="M23.555,8.729a1.505,1.505,0,0,0-1.406-.98H16.062a.5.5,0,0,1-.472-.334L13.405,1.222a1.5,1.5,0,0,0-2.81,0l-.005.016L8.41,7.415a.5.5,0,0,1-.471.334H1.85A1.5,1.5,0,0,0,.887,10.4l5.184,4.3a.5.5,0,0,1,.155.543L4.048,21.774a1.5,1.5,0,0,0,2.31,1.684l5.346-3.92a.5.5,0,0,1,.591,0l5.344,3.919a1.5,1.5,0,0,0,2.312-1.683l-2.178-6.535a.5.5,0,0,1,.155-.543l5.194-4.306A1.5,1.5,0,0,0,23.555,8.729Z"
                fill="currentColor"
              />
            </svg>
            <svg
              className="chakra-icon css-gtaqdh"
              focusable={false}
              onClick={[Function]}
              viewBox="0 0 24 24"
            >
              <path
                d="M23.555,8.729a1.505,1.505,0,0,0-1.406-.98H16.062a.5.5,0,0,1-.472-.334L13.405,1.222a1.5,1.5,0,0,0-2.81,0l-.005.016L8.41,7.415a.5.5,0,0,1-.471.334H1.85A1.5,1.5,0,0,0,.887,10.4l5.184,4.3a.5.5,0,0,1,.155.543L4.048,21.774a1.5,1.5,0,0,0,2.31,1.684l5.346-3.92a.5.5,0,0,1,.591,0l5.344,3.919a1.5,1.5,0,0,0,2.312-1.683l-2.178-6.535a.5.5,0,0,1,.155-.543l5.194-4.306A1.5,1.5,0,0,0,23.555,8.729Z"
                fill="currentColor"
              />
            </svg>
            <svg
              className="chakra-icon css-gtaqdh"
              focusable={false}
              onClick={[Function]}
              viewBox="0 0 24 24"
            >
              <path
                d="M23.555,8.729a1.505,1.505,0,0,0-1.406-.98H16.062a.5.5,0,0,1-.472-.334L13.405,1.222a1.5,1.5,0,0,0-2.81,0l-.005.016L8.41,7.415a.5.5,0,0,1-.471.334H1.85A1.5,1.5,0,0,0,.887,10.4l5.184,4.3a.5.5,0,0,1,.155.543L4.048,21.774a1.5,1.5,0,0,0,2.31,1.684l5.346-3.92a.5.5,0,0,1,.591,0l5.344,3.919a1.5,1.5,0,0,0,2.312-1.683l-2.178-6.535a.5.5,0,0,1,.155-.543l5.194-4.306A1.5,1.5,0,0,0,23.555,8.729Z"
                fill="currentColor"
              />
            </svg>
            <svg
              className="chakra-icon css-gtaqdh"
              focusable={false}
              onClick={[Function]}
              viewBox="0 0 24 24"
            >
              <path
                d="M23.555,8.729a1.505,1.505,0,0,0-1.406-.98H16.062a.5.5,0,0,1-.472-.334L13.405,1.222a1.5,1.5,0,0,0-2.81,0l-.005.016L8.41,7.415a.5.5,0,0,1-.471.334H1.85A1.5,1.5,0,0,0,.887,10.4l5.184,4.3a.5.5,0,0,1,.155.543L4.048,21.774a1.5,1.5,0,0,0,2.31,1.684l5.346-3.92a.5.5,0,0,1,.591,0l5.344,3.919a1.5,1.5,0,0,0,2.312-1.683l-2.178-6.535a.5.5,0,0,1,.155-.543l5.194-4.306A1.5,1.5,0,0,0,23.555,8.729Z"
                fill="currentColor"
              />
            </svg>
          </div>
          <textarea
            className="chakra-textarea css-0"
            data-testid="review"
            disabled={true}
            onBlur={[Function]}
            onChange={[Function]}
            onFocus={[Function]}
            placeholder="Describe your expereince"
            value=""
          />
          <button
            className="chakra-button css-5c2176"
            onClick={[Function]}
            type="button"
          >
            Edit
          </button>
        </div>
      </div>
    </div>
  </div>,
]
`;
