// Jest Snapshot v1, https://goo.gl/fbAQLP

exports[`signup page test should match snapshot 1`] = `
<div
  className="css-1g0sdft"
>
  <div
    className="css-1qlx90c"
  >
    <div
      className="chakra-stack css-1xzycj5"
    >
      <h2
        className="chakra-heading css-kbn7if"
      >
        SignUp
      </h2>
      <div
        className="chakra-input__group css-4302v8"
      >
        <svg
          fill="currentColor"
          height="1em"
          stroke="currentColor"
          strokeWidth="0"
          style={
            Object {
              "color": undefined,
            }
          }
          viewBox="0 0 24 24"
          width="1em"
          xmlns="http://www.w3.org/2000/svg"
        >
          <path
            d="M12,8c-1.178,0-2,0.822-2,2s0.822,2,2,2s2-0.822,2-2S13.178,8,12,8z"
            fill="none"
          />
          <path
            d="M12,4c-4.337,0-8,3.663-8,8c0,2.176,0.923,4.182,2.39,5.641c0.757-1.8,2.538-3.068,4.61-3.068h2 c2.072,0,3.854,1.269,4.61,3.068C19.077,16.182,20,14.176,20,12C20,7.663,16.337,4,12,4z M12,14c-2.28,0-4-1.72-4-4s1.72-4,4-4 s4,1.72,4,4S14.28,14,12,14z"
            fill="none"
          />
          <path
            d="M13,16.572h-2c-1.432,0-2.629,1.01-2.926,2.354C9.242,19.604,10.584,20,12,20s2.758-0.396,3.926-1.073 C15.629,17.582,14.432,16.572,13,16.572z"
            fill="none"
          />
          <path
            d="M12,2C6.579,2,2,6.579,2,12c0,3.189,1.592,6.078,4,7.924V20h0.102C7.77,21.245,9.813,22,12,22s4.23-0.755,5.898-2H18 v-0.076c2.408-1.846,4-4.734,4-7.924C22,6.579,17.421,2,12,2z M8.074,18.927c0.297-1.345,1.494-2.354,2.926-2.354h2 c1.432,0,2.629,1.01,2.926,2.354C14.758,19.604,13.416,20,12,20S9.242,19.604,8.074,18.927z M17.61,17.641 c-0.757-1.8-2.538-3.068-4.61-3.068h-2c-2.072,0-3.854,1.269-4.61,3.068C4.923,16.182,4,14.176,4,12c0-4.337,3.663-8,8-8 s8,3.663,8,8C20,14.176,19.077,16.182,17.61,17.641z"
          />
          <path
            d="M12,6c-2.28,0-4,1.72-4,4s1.72,4,4,4s4-1.72,4-4S14.28,6,12,6z M12,12c-1.178,0-2-0.822-2-2s0.822-2,2-2s2,0.822,2,2 S13.178,12,12,12z"
          />
        </svg>
        <input
          className="chakra-input css-0"
          onBlur={[Function]}
          onChange={[Function]}
          onFocus={[Function]}
          placeholder="first name"
          type="text"
          value=""
        />
      </div>
      <div
        className="chakra-input__group css-4302v8"
      >
        <svg
          fill="currentColor"
          height="1em"
          stroke="currentColor"
          strokeWidth="0"
          style={
            Object {
              "color": undefined,
            }
          }
          viewBox="0 0 24 24"
          width="1em"
          xmlns="http://www.w3.org/2000/svg"
        >
          <path
            d="M12,8c-1.178,0-2,0.822-2,2s0.822,2,2,2s2-0.822,2-2S13.178,8,12,8z"
            fill="none"
          />
          <path
            d="M12,4c-4.337,0-8,3.663-8,8c0,2.176,0.923,4.182,2.39,5.641c0.757-1.8,2.538-3.068,4.61-3.068h2 c2.072,0,3.854,1.269,4.61,3.068C19.077,16.182,20,14.176,20,12C20,7.663,16.337,4,12,4z M12,14c-2.28,0-4-1.72-4-4s1.72-4,4-4 s4,1.72,4,4S14.28,14,12,14z"
            fill="none"
          />
          <path
            d="M13,16.572h-2c-1.432,0-2.629,1.01-2.926,2.354C9.242,19.604,10.584,20,12,20s2.758-0.396,3.926-1.073 C15.629,17.582,14.432,16.572,13,16.572z"
            fill="none"
          />
          <path
            d="M12,2C6.579,2,2,6.579,2,12c0,3.189,1.592,6.078,4,7.924V20h0.102C7.77,21.245,9.813,22,12,22s4.23-0.755,5.898-2H18 v-0.076c2.408-1.846,4-4.734,4-7.924C22,6.579,17.421,2,12,2z M8.074,18.927c0.297-1.345,1.494-2.354,2.926-2.354h2 c1.432,0,2.629,1.01,2.926,2.354C14.758,19.604,13.416,20,12,20S9.242,19.604,8.074,18.927z M17.61,17.641 c-0.757-1.8-2.538-3.068-4.61-3.068h-2c-2.072,0-3.854,1.269-4.61,3.068C4.923,16.182,4,14.176,4,12c0-4.337,3.663-8,8-8 s8,3.663,8,8C20,14.176,19.077,16.182,17.61,17.641z"
          />
          <path
            d="M12,6c-2.28,0-4,1.72-4,4s1.72,4,4,4s4-1.72,4-4S14.28,6,12,6z M12,12c-1.178,0-2-0.822-2-2s0.822-2,2-2s2,0.822,2,2 S13.178,12,12,12z"
          />
        </svg>
        <input
          className="chakra-input css-0"
          onBlur={[Function]}
          onChange={[Function]}
          onFocus={[Function]}
          placeholder="last name"
          type="text"
          value=""
        />
      </div>
      <div
        className="chakra-input__group css-4302v8"
      >
        <svg
          fill="currentColor"
          height="1em"
          stroke="currentColor"
          strokeWidth="0"
          style={
            Object {
              "color": undefined,
            }
          }
          viewBox="0 0 24 24"
          width="1em"
          xmlns="http://www.w3.org/2000/svg"
        >
          <path
            d="M12,8c-1.178,0-2,0.822-2,2s0.822,2,2,2s2-0.822,2-2S13.178,8,12,8z"
            fill="none"
          />
          <path
            d="M12,4c-4.337,0-8,3.663-8,8c0,2.176,0.923,4.182,2.39,5.641c0.757-1.8,2.538-3.068,4.61-3.068h2 c2.072,0,3.854,1.269,4.61,3.068C19.077,16.182,20,14.176,20,12C20,7.663,16.337,4,12,4z M12,14c-2.28,0-4-1.72-4-4s1.72-4,4-4 s4,1.72,4,4S14.28,14,12,14z"
            fill="none"
          />
          <path
            d="M13,16.572h-2c-1.432,0-2.629,1.01-2.926,2.354C9.242,19.604,10.584,20,12,20s2.758-0.396,3.926-1.073 C15.629,17.582,14.432,16.572,13,16.572z"
            fill="none"
          />
          <path
            d="M12,2C6.579,2,2,6.579,2,12c0,3.189,1.592,6.078,4,7.924V20h0.102C7.77,21.245,9.813,22,12,22s4.23-0.755,5.898-2H18 v-0.076c2.408-1.846,4-4.734,4-7.924C22,6.579,17.421,2,12,2z M8.074,18.927c0.297-1.345,1.494-2.354,2.926-2.354h2 c1.432,0,2.629,1.01,2.926,2.354C14.758,19.604,13.416,20,12,20S9.242,19.604,8.074,18.927z M17.61,17.641 c-0.757-1.8-2.538-3.068-4.61-3.068h-2c-2.072,0-3.854,1.269-4.61,3.068C4.923,16.182,4,14.176,4,12c0-4.337,3.663-8,8-8 s8,3.663,8,8C20,14.176,19.077,16.182,17.61,17.641z"
          />
          <path
            d="M12,6c-2.28,0-4,1.72-4,4s1.72,4,4,4s4-1.72,4-4S14.28,6,12,6z M12,12c-1.178,0-2-0.822-2-2s0.822-2,2-2s2,0.822,2,2 S13.178,12,12,12z"
          />
        </svg>
        <input
          className="chakra-input css-0"
          onBlur={[Function]}
          onChange={[Function]}
          onFocus={[Function]}
          placeholder="Date of birth"
          type="date"
          value=""
        />
      </div>
      <div
        className="chakra-input__group css-4302v8"
      >
        <svg
          fill="currentColor"
          height="1em"
          stroke="currentColor"
          strokeWidth="0"
          style={
            Object {
              "color": undefined,
            }
          }
          viewBox="0 0 24 24"
          width="1em"
          xmlns="http://www.w3.org/2000/svg"
        >
          <path
            d="M12,8c-1.178,0-2,0.822-2,2s0.822,2,2,2s2-0.822,2-2S13.178,8,12,8z"
            fill="none"
          />
          <path
            d="M12,4c-4.337,0-8,3.663-8,8c0,2.176,0.923,4.182,2.39,5.641c0.757-1.8,2.538-3.068,4.61-3.068h2 c2.072,0,3.854,1.269,4.61,3.068C19.077,16.182,20,14.176,20,12C20,7.663,16.337,4,12,4z M12,14c-2.28,0-4-1.72-4-4s1.72-4,4-4 s4,1.72,4,4S14.28,14,12,14z"
            fill="none"
          />
          <path
            d="M13,16.572h-2c-1.432,0-2.629,1.01-2.926,2.354C9.242,19.604,10.584,20,12,20s2.758-0.396,3.926-1.073 C15.629,17.582,14.432,16.572,13,16.572z"
            fill="none"
          />
          <path
            d="M12,2C6.579,2,2,6.579,2,12c0,3.189,1.592,6.078,4,7.924V20h0.102C7.77,21.245,9.813,22,12,22s4.23-0.755,5.898-2H18 v-0.076c2.408-1.846,4-4.734,4-7.924C22,6.579,17.421,2,12,2z M8.074,18.927c0.297-1.345,1.494-2.354,2.926-2.354h2 c1.432,0,2.629,1.01,2.926,2.354C14.758,19.604,13.416,20,12,20S9.242,19.604,8.074,18.927z M17.61,17.641 c-0.757-1.8-2.538-3.068-4.61-3.068h-2c-2.072,0-3.854,1.269-4.61,3.068C4.923,16.182,4,14.176,4,12c0-4.337,3.663-8,8-8 s8,3.663,8,8C20,14.176,19.077,16.182,17.61,17.641z"
          />
          <path
            d="M12,6c-2.28,0-4,1.72-4,4s1.72,4,4,4s4-1.72,4-4S14.28,6,12,6z M12,12c-1.178,0-2-0.822-2-2s0.822-2,2-2s2,0.822,2,2 S13.178,12,12,12z"
          />
        </svg>
        <div
          className="chakra-select__wrapper css-1uadmkv"
        >
          <select
            className="chakra-select css-1ik61og"
            data-testid="religion"
            onBlur={[Function]}
            onChange={[Function]}
            onFocus={[Function]}
            value=""
          >
            <option
              value=""
            >
              religion
            </option>
            <option
              value="Buddhism"
            >
              Buddhism
            </option>
            <option
              value="Hindu"
            >
              Hindu
            </option>
            <option
              value="Islam"
            >
              Islam
            </option>
            <option
              value="Catholic"
            >
              Catholic
            </option>
            <option
              value=""
            >
              None
            </option>
          </select>
          <div
            className="chakra-select__icon-wrapper css-s9xp1k"
          >
            <svg
              aria-hidden={true}
              className="chakra-select__icon"
              focusable={false}
              role="presentation"
              style={
                Object {
                  "color": "currentColor",
                  "height": "1em",
                  "width": "1em",
                }
              }
              viewBox="0 0 24 24"
            >
              <path
                d="M16.59 8.59L12 13.17 7.41 8.59 6 10l6 6 6-6z"
                fill="currentColor"
              />
            </svg>
          </div>
        </div>
      </div>
      <div
        className="chakra-input__group css-4302v8"
      >
        <svg
          fill="currentColor"
          height="1em"
          stroke="currentColor"
          strokeWidth="0"
          style={
            Object {
              "color": undefined,
            }
          }
          viewBox="0 0 24 24"
          width="1em"
          xmlns="http://www.w3.org/2000/svg"
        >
          <g>
            <path
              d="M0 0h24v24H0z"
              fill="none"
            />
            <path
              d="M18 8h2a1 1 0 0 1 1 1v12a1 1 0 0 1-1 1H4a1 1 0 0 1-1-1V9a1 1 0 0 1 1-1h2V7a6 6 0 1 1 12 0v1zM5 10v10h14V10H5zm6 4h2v2h-2v-2zm-4 0h2v2H7v-2zm8 0h2v2h-2v-2zm1-6V7a4 4 0 1 0-8 0v1h8z"
            />
          </g>
        </svg>
        <input
          className="chakra-input css-0"
          onBlur={[Function]}
          onChange={[Function]}
          onFocus={[Function]}
          placeholder="email"
          type="email"
          value=""
        />
      </div>
      <div
        className="chakra-input__group css-4302v8"
      >
        <svg
          fill="currentColor"
          height="1em"
          stroke="currentColor"
          strokeWidth="0"
          style={
            Object {
              "color": undefined,
            }
          }
          viewBox="0 0 24 24"
          width="1em"
          xmlns="http://www.w3.org/2000/svg"
        >
          <g>
            <path
              d="M0 0h24v24H0z"
              fill="none"
            />
            <path
              d="M18 8h2a1 1 0 0 1 1 1v12a1 1 0 0 1-1 1H4a1 1 0 0 1-1-1V9a1 1 0 0 1 1-1h2V7a6 6 0 1 1 12 0v1zM5 10v10h14V10H5zm6 4h2v2h-2v-2zm-4 0h2v2H7v-2zm8 0h2v2h-2v-2zm1-6V7a4 4 0 1 0-8 0v1h8z"
            />
          </g>
        </svg>
        <input
          defaultValue=""
          style={
            Object {
              "background": "transparent",
              "borderColor": "white",
              "borderRadius": "5px",
              "borderWidth": "2px",
              "color": "white",
              "height": "45px",
              "margin": "15px",
              "padding": "10px",
              "width": "100%",
            }
          }
        />
      </div>
      <div
        className="chakra-input__group css-4302v8"
      >
        <svg
          fill="currentColor"
          height="1em"
          stroke="currentColor"
          strokeWidth="0"
          style={
            Object {
              "color": undefined,
            }
          }
          viewBox="0 0 24 24"
          width="1em"
          xmlns="http://www.w3.org/2000/svg"
        >
          <g>
            <path
              d="M0 0h24v24H0z"
              fill="none"
            />
            <path
              d="M18 8h2a1 1 0 0 1 1 1v12a1 1 0 0 1-1 1H4a1 1 0 0 1-1-1V9a1 1 0 0 1 1-1h2V7a6 6 0 1 1 12 0v1zM5 10v10h14V10H5zm6 4h2v2h-2v-2zm-4 0h2v2H7v-2zm8 0h2v2h-2v-2zm1-6V7a4 4 0 1 0-8 0v1h8z"
            />
          </g>
        </svg>
        <input
          className="chakra-input css-0"
          onBlur={[Function]}
          onChange={[Function]}
          onFocus={[Function]}
          placeholder="password"
          type="password"
          value=""
        />
      </div>
      <button
        className="chakra-button css-5c2176"
        data-testid="signUp"
        onClick={[Function]}
        type="button"
      >
        Sign Up
      </button>
      <p
        className="chakra-text css-0"
      >
        you already have an account?
        <a
          href="/travelPlan/signin"
          onClick={[Function]}
        >
          SignIn
        </a>
      </p>
    </div>
  </div>
</div>
`;
