// Jest Snapshot v1, https://goo.gl/fbAQLP

exports[`travel plan page test should match snapshot 1`] = `
<div
  className="css-gmuwbf"
>
  <div
    className="chakra-spinner css-1gk43zt"
  >
    <span
      className="css-f8n5zr"
    >
      Loading...
    </span>
  </div>
   
</div>
`;
