// Jest Snapshot v1, https://goo.gl/fbAQLP

exports[`viewPlan page test should match snapshot 1`] = `
Array [
  <div
    className="chakra-tabs css-0"
  >
    <div
      className="css-14mk567"
    >
      <img
        className="chakra-image__placeholder css-actnqx"
      />
      <h2
        className="chakra-heading css-17wl8jd"
      >
        0
         Day Trip in 
      </h2>
      <div
        className="chakra-stack css-1qwdsol"
      >
        <div
          aria-orientation="horizontal"
          className="chakra-tabs__tablist css-1xc77o7"
          onKeyDown={[Function]}
          role="tablist"
        >
          <button
            aria-controls="tabs-2815631040-2--tabpanel--1"
            aria-selected={false}
            className="chakra-tabs__tab css-5wl5ud"
            id="tabs-2815631040-2--tab--1"
            onClick={[Function]}
            onFocus={[Function]}
            role="tab"
            tabIndex={-1}
            type="button"
          >
            Travel Plan
          </button>
          <button
            aria-controls="tabs-2815631040-2--tabpanel--1"
            aria-selected={false}
            className="chakra-tabs__tab css-5wl5ud"
            id="tabs-2815631040-2--tab--1"
            onClick={[Function]}
            onFocus={[Function]}
            role="tab"
            tabIndex={-1}
            type="button"
          >
            Travel Route
          </button>
        </div>
      </div>
    </div>
    <div
      className="chakra-tabs__tab-panels css-8atqhb"
    >
      <div
        aria-labelledby="tabs-2815631040-2--tab-0"
        className="chakra-tabs__tab-panel css-sjt5nk"
        hidden={false}
        id="tabs-2815631040-2--tabpanel-0"
        role="tabpanel"
        tabIndex={0}
      >
        <div
          className="css-dvxtzn"
          data-testid="travelPlan"
        >
          <div
            className="chakra-stack css-84zodg"
          >
            <svg
              fill="currentColor"
              height="1em"
              stroke="currentColor"
              strokeWidth="0"
              style={
                Object {
                  "color": undefined,
                }
              }
              viewBox="0 0 512 512"
              width="1em"
              xmlns="http://www.w3.org/2000/svg"
            >
              <path
                d="M256 32C167.67 32 96 96.51 96 176c0 128 160 304 160 304s160-176 160-304c0-79.49-71.67-144-160-144zm0 224a64 64 0 1164-64 64.07 64.07 0 01-64 64z"
              />
            </svg>
            <span
              className="chakra-badge css-ifsvay"
            >
              9.00 a.m
            </span>
            <p
              className="chakra-text css-1tapsqs"
            >
              Start from colombo
            </p>
          </div>
          <div
            className="chakra-stack css-84zodg"
          >
            <svg
              fill="currentColor"
              height="1em"
              stroke="currentColor"
              strokeWidth="0"
              style={
                Object {
                  "color": undefined,
                }
              }
              viewBox="0 0 512 512"
              width="1em"
              xmlns="http://www.w3.org/2000/svg"
            >
              <path
                d="M256 32C167.67 32 96 96.51 96 176c0 128 160 304 160 304s160-176 160-304c0-79.49-71.67-144-160-144zm0 224a64 64 0 1164-64 64.07 64.07 0 01-64 64z"
              />
            </svg>
            <span
              className="chakra-badge css-ifsvay"
            >
              6.00 p.m
            </span>
            <p
              className="chakra-text css-1tapsqs"
            >
              End - 
              
            </p>
          </div>
        </div>
        <div
          className="chakra-stack css-1obfgbw"
        >
          <button
            className="chakra-button css-xdqcq1"
            data-testid="edit"
            onClick={[Function]}
            type="button"
          >
            <svg
              fill="none"
              height="1em"
              stroke="currentColor"
              strokeLinecap="round"
              strokeLinejoin="round"
              strokeWidth="2"
              style={
                Object {
                  "color": undefined,
                }
              }
              viewBox="0 0 24 24"
              width="1em"
              xmlns="http://www.w3.org/2000/svg"
            >
              <path
                d="M11 4H4a2 2 0 0 0-2 2v14a2 2 0 0 0 2 2h14a2 2 0 0 0 2-2v-7"
              />
              <path
                d="M18.5 2.5a2.121 2.121 0 0 1 3 3L12 15l-4 1 1-4 9.5-9.5z"
              />
            </svg>
          </button>
          <button
            className="chakra-button css-xdqcq1"
            data-testid="save"
            onClick={[Function]}
            type="button"
          >
            <svg
              fill="none"
              height="1em"
              stroke="currentColor"
              strokeLinecap="round"
              strokeLinejoin="round"
              strokeWidth="2"
              style={
                Object {
                  "color": undefined,
                }
              }
              viewBox="0 0 24 24"
              width="1em"
              xmlns="http://www.w3.org/2000/svg"
            >
              <path
                d="M19 21H5a2 2 0 0 1-2-2V5a2 2 0 0 1 2-2h11l5 5v11a2 2 0 0 1-2 2z"
              />
              <polyline
                points="17 21 17 13 7 13 7 21"
              />
              <polyline
                points="7 3 7 8 15 8"
              />
            </svg>
          </button>
        </div>
      </div>
      <div
        aria-labelledby="tabs-2815631040-2--tab-1"
        className="chakra-tabs__tab-panel css-sjt5nk"
        data-testid="maptab"
        hidden={true}
        id="tabs-2815631040-2--tabpanel-1"
        role="tabpanel"
        tabIndex={0}
      >
        <div
          className="css-1j2sprm"
        >
          <div
            style={
              Object {
                "height": "100%",
              }
            }
          />
        </div>
      </div>
    </div>
  </div>,
  <div
    className="chakra-stack css-1xrxb8h"
  >
    <button
      className="chakra-button css-1fozia0"
      data-testid="submit"
      onClick={[Function]}
      type="button"
    >
      <svg
        fill="currentColor"
        height="1em"
        stroke="currentColor"
        strokeWidth="0"
        style={
          Object {
            "color": undefined,
          }
        }
        viewBox="0 0 1024 1024"
        width="1em"
        xmlns="http://www.w3.org/2000/svg"
      >
        <path
          d="M908.1 353.1l-253.9-36.9L540.7 86.1c-3.1-6.3-8.2-11.4-14.5-14.5-15.8-7.8-35-1.3-42.9 14.5L369.8 316.2l-253.9 36.9c-7 1-13.4 4.3-18.3 9.3a32.05 32.05 0 0 0 .6 45.3l183.7 179.1-43.4 252.9a31.95 31.95 0 0 0 46.4 33.7L512 754l227.1 119.4c6.2 3.3 13.4 4.4 20.3 3.2 17.4-3 29.1-19.5 26.1-36.9l-43.4-252.9 183.7-179.1c5-4.9 8.3-11.3 9.3-18.3 2.7-17.5-9.5-33.7-27-36.3z"
        />
      </svg>
    </button>
  </div>,
]
`;
