// Jest Snapshot v1, https://goo.gl/fbAQLP

exports[`provinces page test should match snapshot 1`] = `null`;
