// Jest Snapshot v1, https://goo.gl/fbAQLP

exports[`plan card test should match snapshot 1`] = `
<div
  className="css-hx1lef"
>
  <div
    className="chakra-stack css-84zodg"
  >
    <img
      className="chakra-image__placeholder css-joy71d"
    />
    <div
      className="chakra-stack css-100f4dr"
    >
      <div
        className="chakra-stack css-84zodg"
      >
        <h3
          className="chakra-heading css-0"
        />
        <button
          aria-controls="popover-content-8940120478-2"
          aria-expanded={false}
          aria-haspopup="dialog"
          className="chakra-button css-5c2176"
          id="popover-trigger-8940120478-2"
          onClick={[Function]}
          type="button"
        >
          <svg
            className="chakra-icon css-onkibi"
            focusable={false}
            viewBox="0 0 24 24"
          >
            <g
              fill="none"
              stroke="currentColor"
              strokeLinecap="round"
              strokeWidth="2"
            >
              <path
                d="M11 4H4a2 2 0 0 0-2 2v14a2 2 0 0 0 2 2h14a2 2 0 0 0 2-2v-7"
              />
              <path
                d="M18.5 2.5a2.121 2.121 0 0 1 3 3L12 15l-4 1 1-4 9.5-9.5z"
              />
            </g>
          </svg>
        </button>
        <div
          className="chakra-popover__popper css-0"
          style={
            Object {
              "inset": "0 auto auto 0",
              "minWidth": "max-content",
              "position": "absolute",
              "visibility": "hidden",
            }
          }
        >
          <section
            className="chakra-popover__content css-1ab1jlb"
            id="popover-content-8940120478-2"
            onBlur={[Function]}
            onKeyDown={[Function]}
            role="dialog"
            style={
              Object {
                "--popper-arrow-shadow-color": undefined,
                "--popper-arrow-size": undefined,
                "opacity": 0,
                "transform": "scale(0.95) translateZ(0)",
                "transformOrigin": "var(--popper-transform-origin)",
                "visibility": "hidden",
              }
            }
            tabIndex={-1}
          >
            <div
              className="chakra-popover__arrow-positioner css-0"
              data-popper-arrow=""
              style={
                Object {
                  "position": "absolute",
                }
              }
            >
              <div
                className="chakra-popover__arrow css-0"
                data-popper-arrow-inner=""
              />
            </div>
            <button
              aria-label="Close"
              className="css-1w3y7qm"
              onClick={[Function]}
              type="button"
            >
              <svg
                aria-hidden={true}
                className="chakra-icon css-onkibi"
                focusable="false"
                viewBox="0 0 24 24"
              >
                <path
                  d="M.439,21.44a1.5,1.5,0,0,0,2.122,2.121L11.823,14.3a.25.25,0,0,1,.354,0l9.262,9.263a1.5,1.5,0,1,0,2.122-2.121L14.3,12.177a.25.25,0,0,1,0-.354l9.263-9.262A1.5,1.5,0,0,0,21.439.44L12.177,9.7a.25.25,0,0,1-.354,0L2.561.44A1.5,1.5,0,0,0,.439,2.561L9.7,11.823a.25.25,0,0,1,0,.354Z"
                  fill="currentColor"
                />
              </svg>
            </button>
            <div
              className="chakra-popover__body css-1vae7t2"
              id="popover-body-8940120478-2"
            >
              <input
                className="chakra-input css-1h0nkzx"
                onBlur={[Function]}
                onChange={[Function]}
                onFocus={[Function]}
                placeholder="Name"
              />
              <button
                className="chakra-button css-5c2176"
                onClick={[Function]}
                type="button"
              >
                Save
              </button>
            </div>
          </section>
        </div>
      </div>
      <h5
        className="chakra-heading css-0"
      >
         days
      </h5>
      <button
        className="chakra-button css-5c2176"
        onClick={[Function]}
        type="button"
      >
        View Plan
      </button>
      <p
        className="chakra-text css-g5hezf"
      >
        created : 
      </p>
    </div>
  </div>
</div>
`;
