// Jest Snapshot v1, https://goo.gl/fbAQLP

exports[`review component test should match snapshot 1`] = `
<div
  className="css-14e7k95"
  data-testid="review"
>
  <a
    className="chakra-link css-0"
    rel="noopener noreferrer"
    target="_blank"
  >
    <span
      className="css-1ehzxp"
    >
      <span
        className="chakra-avatar css-1beiwy6"
      >
        <div
          aria-label="Segun Adebayo"
          className="chakra-avatar__initials css-0"
          role="img"
        >
          SA
        </div>
      </span>
      <span
        className="css-8uhtka"
      />
    </span>
  </a>
  <span
    className="css-1pzd4z6"
  />
  <div
    className="chakra-stack css-1v4pmn4"
  >
    <svg
      className="chakra-icon css-4i8mdq"
      focusable={false}
      viewBox="0 0 24 24"
    >
      <path
        d="M23.555,8.729a1.505,1.505,0,0,0-1.406-.98H16.062a.5.5,0,0,1-.472-.334L13.405,1.222a1.5,1.5,0,0,0-2.81,0l-.005.016L8.41,7.415a.5.5,0,0,1-.471.334H1.85A1.5,1.5,0,0,0,.887,10.4l5.184,4.3a.5.5,0,0,1,.155.543L4.048,21.774a1.5,1.5,0,0,0,2.31,1.684l5.346-3.92a.5.5,0,0,1,.591,0l5.344,3.919a1.5,1.5,0,0,0,2.312-1.683l-2.178-6.535a.5.5,0,0,1,.155-.543l5.194-4.306A1.5,1.5,0,0,0,23.555,8.729Z"
        fill="currentColor"
      />
    </svg>
    <svg
      className="chakra-icon css-4i8mdq"
      focusable={false}
      viewBox="0 0 24 24"
    >
      <path
        d="M23.555,8.729a1.505,1.505,0,0,0-1.406-.98H16.062a.5.5,0,0,1-.472-.334L13.405,1.222a1.5,1.5,0,0,0-2.81,0l-.005.016L8.41,7.415a.5.5,0,0,1-.471.334H1.85A1.5,1.5,0,0,0,.887,10.4l5.184,4.3a.5.5,0,0,1,.155.543L4.048,21.774a1.5,1.5,0,0,0,2.31,1.684l5.346-3.92a.5.5,0,0,1,.591,0l5.344,3.919a1.5,1.5,0,0,0,2.312-1.683l-2.178-6.535a.5.5,0,0,1,.155-.543l5.194-4.306A1.5,1.5,0,0,0,23.555,8.729Z"
        fill="currentColor"
      />
    </svg>
    <svg
      className="chakra-icon css-4i8mdq"
      focusable={false}
      viewBox="0 0 24 24"
    >
      <path
        d="M23.555,8.729a1.505,1.505,0,0,0-1.406-.98H16.062a.5.5,0,0,1-.472-.334L13.405,1.222a1.5,1.5,0,0,0-2.81,0l-.005.016L8.41,7.415a.5.5,0,0,1-.471.334H1.85A1.5,1.5,0,0,0,.887,10.4l5.184,4.3a.5.5,0,0,1,.155.543L4.048,21.774a1.5,1.5,0,0,0,2.31,1.684l5.346-3.92a.5.5,0,0,1,.591,0l5.344,3.919a1.5,1.5,0,0,0,2.312-1.683l-2.178-6.535a.5.5,0,0,1,.155-.543l5.194-4.306A1.5,1.5,0,0,0,23.555,8.729Z"
        fill="currentColor"
      />
    </svg>
    <svg
      className="chakra-icon css-4i8mdq"
      focusable={false}
      viewBox="0 0 24 24"
    >
      <path
        d="M23.555,8.729a1.505,1.505,0,0,0-1.406-.98H16.062a.5.5,0,0,1-.472-.334L13.405,1.222a1.5,1.5,0,0,0-2.81,0l-.005.016L8.41,7.415a.5.5,0,0,1-.471.334H1.85A1.5,1.5,0,0,0,.887,10.4l5.184,4.3a.5.5,0,0,1,.155.543L4.048,21.774a1.5,1.5,0,0,0,2.31,1.684l5.346-3.92a.5.5,0,0,1,.591,0l5.344,3.919a1.5,1.5,0,0,0,2.312-1.683l-2.178-6.535a.5.5,0,0,1,.155-.543l5.194-4.306A1.5,1.5,0,0,0,23.555,8.729Z"
        fill="currentColor"
      />
    </svg>
    <svg
      className="chakra-icon css-4i8mdq"
      focusable={false}
      viewBox="0 0 24 24"
    >
      <path
        d="M23.555,8.729a1.505,1.505,0,0,0-1.406-.98H16.062a.5.5,0,0,1-.472-.334L13.405,1.222a1.5,1.5,0,0,0-2.81,0l-.005.016L8.41,7.415a.5.5,0,0,1-.471.334H1.85A1.5,1.5,0,0,0,.887,10.4l5.184,4.3a.5.5,0,0,1,.155.543L4.048,21.774a1.5,1.5,0,0,0,2.31,1.684l5.346-3.92a.5.5,0,0,1,.591,0l5.344,3.919a1.5,1.5,0,0,0,2.312-1.683l-2.178-6.535a.5.5,0,0,1,.155-.543l5.194-4.306A1.5,1.5,0,0,0,23.555,8.729Z"
        fill="currentColor"
      />
    </svg>
    <div
      className="css-0"
    >
      rating 
    </div>
  </div>
  <p
    className="chakra-text css-g5hezf"
  />
</div>
`;
