// Jest Snapshot v1, https://goo.gl/fbAQLP

exports[`should match snapshot 1`] = `
<View
  style={
    Object {
      "alignSelf": "center",
      "backgroundColor": "#ffffff",
      "borderColor": "rgba(0, 0, 0, 0.12)",
      "borderRadius": 10,
      "elevation": 6,
      "marginVertical": 12,
      "shadowColor": "#000000",
      "shadowOffset": Object {
        "height": 5,
        "width": 0,
      },
      "shadowOpacity": 0.24,
      "shadowRadius": 6,
      "width": "90%",
    }
  }
>
  <View
    accessible={true}
    focusable={false}
    onClick={[Function]}
    onResponderGrant={[Function]}
    onResponderMove={[Function]}
    onResponderRelease={[Function]}
    onResponderTerminate={[Function]}
    onResponderTerminationRequest={[Function]}
    onStartShouldSetResponder={[Function]}
    style={
      Object {
        "flexGrow": 1,
        "flexShrink": 1,
      }
    }
  >
    <View
      style={
        Array [
          Object {
            "backgroundColor": "#eeeeee",
            "height": 195,
            "overflow": "hidden",
          },
          undefined,
          Object {},
        ]
      }
    >
      <Image
        siblings={
          Array [
            "withTheme(Card.Cover)",
            "withTheme(Card.Title)",
            "Card.Content",
          ]
        }
        source={1}
        style={
          Array [
            Object {
              "flex": 1,
              "height": undefined,
              "justifyContent": "flex-end",
              "padding": 16,
              "width": undefined,
            },
            undefined,
          ]
        }
      />
    </View>
    <View
      style={
        Array [
          Object {
            "alignItems": "center",
            "flexDirection": "row",
            "justifyContent": "space-between",
            "paddingLeft": 16,
          },
          Object {
            "minHeight": 72,
          },
          Object {
            "paddingHorizontal": 10,
          },
        ]
      }
    >
      <View
        style={
          Array [
            Object {
              "flex": 1,
              "flexDirection": "column",
              "justifyContent": "center",
            },
          ]
        }
      >
        <Text
          numberOfLines={1}
          style={
            Array [
              Object {
                "color": "#000000",
                "fontFamily": "System",
                "fontWeight": "400",
              },
              Object {
                "textAlign": "left",
              },
              Array [
                Object {
                  "textAlign": "left",
                },
                Object {
                  "color": "rgba(0, 0, 0, 0.87)",
                  "fontFamily": "System",
                  "fontWeight": "500",
                  "writingDirection": "ltr",
                },
                Array [
                  Object {
                    "fontSize": 20,
                    "letterSpacing": 0.15,
                    "lineHeight": 30,
                    "marginVertical": 2,
                  },
                  Array [
                    Object {
                      "minHeight": 30,
                    },
                    Object {
                      "marginBottom": 0,
                    },
                    undefined,
                  ],
                ],
              ],
            ]
          }
        >
          Galle Face Beach
        </Text>
        <Text
          numberOfLines={1}
          style={
            Array [
              Object {
                "color": "#000000",
                "fontFamily": "System",
                "fontWeight": "400",
              },
              Object {
                "textAlign": "left",
              },
              Array [
                Object {
                  "textAlign": "left",
                },
                Object {
                  "color": "rgba(0, 0, 0, 0.54)",
                  "fontFamily": "System",
                  "fontWeight": "400",
                  "writingDirection": "ltr",
                },
                Array [
                  Object {
                    "fontSize": 12,
                    "letterSpacing": 0.4,
                    "lineHeight": 20,
                    "marginVertical": 2,
                  },
                  Array [
                    Object {
                      "marginVertical": 0,
                      "minHeight": 20,
                    },
                    undefined,
                  ],
                ],
              ],
            ]
          }
        >
          Galle Face,Colombo
        </Text>
      </View>
      <View>
        <View
          accessibilityRole="button"
          accessibilityState={
            Object {
              "disabled": undefined,
            }
          }
          accessible={true}
          focusable={false}
          hitSlop={
            Object {
              "bottom": 6,
              "left": 6,
              "right": 6,
              "top": 6,
            }
          }
          onClick={[Function]}
          onResponderGrant={[Function]}
          onResponderMove={[Function]}
          onResponderRelease={[Function]}
          onResponderTerminate={[Function]}
          onResponderTerminationRequest={[Function]}
          onStartShouldSetResponder={[Function]}
          style={
            Array [
              Object {
                "overflow": "hidden",
              },
              Array [
                Object {
                  "alignItems": "center",
                  "justifyContent": "center",
                  "margin": 6,
                  "overflow": "hidden",
                },
                Object {
                  "borderRadius": 11.25,
                  "height": 22.5,
                  "width": 22.5,
                },
                undefined,
                undefined,
              ],
            ]
          }
        >
          <View>
            <Image
              accessibilityElementsHidden={true}
              importantForAccessibility="no-hide-descendants"
              source={
                Object {
                  "uri": "iconLink",
                }
              }
              style={
                Array [
                  Object {
                    "transform": Array [
                      Object {
                        "scaleX": 1,
                      },
                    ],
                  },
                  Object {
                    "height": 15,
                    "resizeMode": "contain",
                    "tintColor": "#2DD4BF",
                    "width": 15,
                  },
                ]
              }
            />
          </View>
        </View>
      </View>
    </View>
    <View
      style={
        Array [
          Object {
            "paddingHorizontal": 16,
          },
          Object {
            "paddingBottom": 16,
          },
          Object {
            "flexDirection": "row",
            "justifyContent": "space-between",
            "paddingRight": 5,
          },
        ]
      }
    >
      <View
        style={
          Array [
            Object {
              "alignItems": "center",
              "backgroundColor": "transparent",
              "flexDirection": "column",
              "justifyContent": "center",
            },
          ]
        }
      >
        <View
          style={
            Array [
              Object {
                "alignItems": "center",
                "flexDirection": "row",
                "justifyContent": "center",
              },
            ]
          }
        >
          <View
            accessible={true}
            focusable={true}
            onClick={[Function]}
            onResponderGrant={[Function]}
            onResponderMove={[Function]}
            onResponderRelease={[Function]}
            onResponderTerminate={[Function]}
            onResponderTerminationRequest={[Function]}
            onStartShouldSetResponder={[Function]}
            style={
              Object {
                "opacity": 1,
              }
            }
          >
            <Image
              source={1}
              style={
                Object {
                  "height": 20,
                  "margin": 3,
                  "tintColor": "#2DD4BF",
                  "transform": Array [
                    Object {
                      "scale": 1,
                    },
                  ],
                  "width": 20,
                }
              }
            />
          </View>
          <View
            accessible={true}
            focusable={true}
            onClick={[Function]}
            onResponderGrant={[Function]}
            onResponderMove={[Function]}
            onResponderRelease={[Function]}
            onResponderTerminate={[Function]}
            onResponderTerminationRequest={[Function]}
            onStartShouldSetResponder={[Function]}
            style={
              Object {
                "opacity": 1,
              }
            }
          >
            <Image
              source={1}
              style={
                Object {
                  "height": 20,
                  "margin": 3,
                  "tintColor": "#2DD4BF",
                  "transform": Array [
                    Object {
                      "scale": 1,
                    },
                  ],
                  "width": 20,
                }
              }
            />
          </View>
          <View
            accessible={true}
            focusable={true}
            onClick={[Function]}
            onResponderGrant={[Function]}
            onResponderMove={[Function]}
            onResponderRelease={[Function]}
            onResponderTerminate={[Function]}
            onResponderTerminationRequest={[Function]}
            onStartShouldSetResponder={[Function]}
            style={
              Object {
                "opacity": 1,
              }
            }
          >
            <Image
              source={1}
              style={
                Object {
                  "height": 20,
                  "margin": 3,
                  "tintColor": "#2DD4BF",
                  "transform": Array [
                    Object {
                      "scale": 1,
                    },
                  ],
                  "width": 20,
                }
              }
            />
          </View>
          <View
            accessible={true}
            focusable={true}
            onClick={[Function]}
            onResponderGrant={[Function]}
            onResponderMove={[Function]}
            onResponderRelease={[Function]}
            onResponderTerminate={[Function]}
            onResponderTerminationRequest={[Function]}
            onStartShouldSetResponder={[Function]}
            style={
              Object {
                "opacity": 1,
              }
            }
          >
            <Image
              source={1}
              style={
                Object {
                  "height": 20,
                  "margin": 3,
                  "tintColor": "#2DD4BF",
                  "transform": Array [
                    Object {
                      "scale": 1,
                    },
                  ],
                  "width": 20,
                }
              }
            />
          </View>
          <View
            accessible={true}
            focusable={true}
            onClick={[Function]}
            onResponderGrant={[Function]}
            onResponderMove={[Function]}
            onResponderRelease={[Function]}
            onResponderTerminate={[Function]}
            onResponderTerminationRequest={[Function]}
            onStartShouldSetResponder={[Function]}
            style={
              Object {
                "opacity": 1,
              }
            }
          >
            <Image
              source={1}
              style={
                Object {
                  "height": 20,
                  "margin": 3,
                  "tintColor": "#BDC3C7",
                  "transform": Array [
                    Object {
                      "scale": 1,
                    },
                  ],
                  "width": 20,
                }
              }
            />
          </View>
        </View>
      </View>
      <View
        style={
          Object {
            "backgroundColor": "transparent",
            "borderColor": "transparent",
            "borderRadius": 4,
            "borderStyle": "solid",
            "borderWidth": 0,
            "elevation": 0,
            "minWidth": 64,
          }
        }
      >
        <View
          accessibilityRole="button"
          accessibilityState={
            Object {
              "disabled": undefined,
            }
          }
          accessible={true}
          focusable={false}
          onClick={[Function]}
          onResponderGrant={[Function]}
          onResponderMove={[Function]}
          onResponderRelease={[Function]}
          onResponderTerminate={[Function]}
          onResponderTerminationRequest={[Function]}
          onStartShouldSetResponder={[Function]}
          style={
            Array [
              Object {
                "overflow": "hidden",
              },
              Object {
                "borderRadius": 4,
              },
            ]
          }
        >
          <View
            style={
              Array [
                Object {
                  "alignItems": "center",
                  "flexDirection": "row",
                  "justifyContent": "center",
                },
                undefined,
              ]
            }
          >
            <Text
              numberOfLines={1}
              selectable={false}
              style={
                Array [
                  Object {
                    "color": "#000000",
                    "fontFamily": "System",
                    "fontWeight": "400",
                  },
                  Object {
                    "textAlign": "left",
                  },
                  Array [
                    Object {
                      "letterSpacing": 1,
                      "marginHorizontal": 16,
                      "marginVertical": 9,
                      "textAlign": "center",
                    },
                    undefined,
                    Object {
                      "textTransform": "uppercase",
                    },
                    Object {
                      "color": "#6200ee",
                      "fontFamily": "System",
                      "fontWeight": "500",
                    },
                    Object {
                      "fontFamily": "System",
                      "fontWeight": "500",
                    },
                    undefined,
                  ],
                ]
              }
            >
              Learn More
            </Text>
          </View>
        </View>
      </View>
    </View>
  </View>
</View>
`;
